#! /usr/bin/vvp
:ivl_version "10.3 (stable)";
:ivl_delay_selection "TYPICAL";
:vpi_time_precision - 12;
:vpi_module "system";
:vpi_module "vhdl_sys";
:vpi_module "v2005_math";
:vpi_module "va_math";
S_0x557b12ee6940 .scope module, "gaussian_core_tb" "gaussian_core_tb" 2 2;
 .timescale -9 -12;
v0x557b12f074a0_0 .var *"_s0", 0 0; Local signal
v0x557b12f07580_0 .var "clk", 0 0;
v0x557b12f07640_0 .var "input_pixels", 391 0;
v0x557b12f07740_0 .net "output_pixel", 7 0, v0x557b12f07280_0;  1 drivers
S_0x557b12ee10f0 .scope module, "gc" "gaussian_core" 2 7, 3 1 0, S_0x557b12ee6940;
 .timescale 0 0;
    .port_info 0 /INPUT 392 "input_pixels"
    .port_info 1 /OUTPUT 8 "result"
P_0x557b12ecbd20 .param/l "BITS" 0 3 9, +C4<00000000000000000000000000001000>;
P_0x557b12ecbd60 .param/l "WIDTH" 0 3 10, +C4<00000000000000000000000000000111>;
v0x557b12ee5310 .array "A", 48 0, 7 0;
v0x557b12ee1390 .array/i "M", 48 0, 31 0;
v0x557b12ee1430_0 .var/i "i", 31 0;
v0x557b12f07070_0 .net "input_pixels", 391 0, v0x557b12f07640_0;  1 drivers
v0x557b12f07150_0 .var/i "j", 31 0;
v0x557b12f07280_0 .var "result", 7 0;
v0x557b12f07360_0 .var/i "sum", 31 0;
E_0x557b12ecd4f0 .event edge, v0x557b12f07070_0;
    .scope S_0x557b12ee10f0;
T_0 ;
    %wait E_0x557b12ecd4f0;
    %pushi/vec4 2684354561, 0, 61;
    %concati/vec4 2147483655, 0, 34;
    %concati/vec4 2147483648, 0, 60;
    %concati/vec4 3758096384, 0, 33;
    %concati/vec4 2415919104, 0, 32;
    %concati/vec4 2684354561, 0, 33;
    %concati/vec4 2147483657, 0, 34;
    %concati/vec4 3489660928, 0, 60;
    %concati/vec4 3892314112, 0, 32;
    %concati/vec4 3489660928, 0, 32;
    %concati/vec4 2415919104, 0, 32;
    %concati/vec4 2415919104, 0, 33;
    %concati/vec4 3758096385, 0, 32;
    %concati/vec4 2684354562, 0, 32;
    %concati/vec4 2684354565, 0, 33;
    %concati/vec4 2147483657, 0, 33;
    %concati/vec4 2147483661, 0, 33;
    %concati/vec4 3758096385, 0, 61;
    %concati/vec4 3892314113, 0, 63;
    %concati/vec4 2684354563, 0, 33;
    %concati/vec4 2818572288, 0, 62;
    %concati/vec4 3892314112, 0, 33;
    %concati/vec4 2147483648, 0, 32;
    %concati/vec4 3758096385, 0, 33;
    %concati/vec4 2684354562, 0, 32;
    %concati/vec4 2684354565, 0, 33;
    %concati/vec4 2147483657, 0, 33;
    %concati/vec4 2147483661, 0, 33;
    %concati/vec4 3758096384, 0, 61;
    %concati/vec4 2415919105, 0, 32;
    %concati/vec4 2147483654, 0, 34;
    %concati/vec4 2147483655, 0, 32;
    %concati/vec4 2147483661, 0, 33;
    %concati/vec4 2415919104, 0, 60;
    %concati/vec4 2415919104, 0, 33;
    %concati/vec4 2684354561, 0, 33;
    %concati/vec4 2147483655, 0, 34;
    %concati/vec4 2147483648, 0, 60;
    %concati/vec4 3758096384, 0, 33;
    %concati/vec4 2415919104, 0, 32;
    %concati/vec4 5, 0, 4;
    %split/vec4 32;
    %ix/load 4, 48, 0;
    %flag_set/imm 4, 0;
    %store/vec4a v0x557b12ee1390, 4, 0;
    %split/vec4 32;
    %ix/load 4, 47, 0;
    %flag_set/imm 4, 0;
    %store/vec4a v0x557b12ee1390, 4, 0;
    %split/vec4 32;
    %ix/load 4, 46, 0;
    %flag_set/imm 4, 0;
    %store/vec4a v0x557b12ee1390, 4, 0;
    %split/vec4 32;
    %ix/load 4, 45, 0;
    %flag_set/imm 4, 0;
    %store/vec4a v0x557b12ee1390, 4, 0;
    %split/vec4 32;
    %ix/load 4, 44, 0;
    %flag_set/imm 4, 0;
    %store/vec4a v0x557b12ee1390, 4, 0;
    %split/vec4 32;
    %ix/load 4, 43, 0;
    %flag_set/imm 4, 0;
    %store/vec4a v0x557b12ee1390, 4, 0;
    %split/vec4 32;
    %ix/load 4, 42, 0;
    %flag_set/imm 4, 0;
    %store/vec4a v0x557b12ee1390, 4, 0;
    %split/vec4 32;
    %ix/load 4, 41, 0;
    %flag_set/imm 4, 0;
    %store/vec4a v0x557b12ee1390, 4, 0;
    %split/vec4 32;
    %ix/load 4, 40, 0;
    %flag_set/imm 4, 0;
    %store/vec4a v0x557b12ee1390, 4, 0;
    %split/vec4 32;
    %ix/load 4, 39, 0;
    %flag_set/imm 4, 0;
    %store/vec4a v0x557b12ee1390, 4, 0;
    %split/vec4 32;
    %ix/load 4, 38, 0;
    %flag_set/imm 4, 0;
    %store/vec4a v0x557b12ee1390, 4, 0;
    %split/vec4 32;
    %ix/load 4, 37, 0;
    %flag_set/imm 4, 0;
    %store/vec4a v0x557b12ee1390, 4, 0;
    %split/vec4 32;
    %ix/load 4, 36, 0;
    %flag_set/imm 4, 0;
    %store/vec4a v0x557b12ee1390, 4, 0;
    %split/vec4 32;
    %ix/load 4, 35, 0;
    %flag_set/imm 4, 0;
    %store/vec4a v0x557b12ee1390, 4, 0;
    %split/vec4 32;
    %ix/load 4, 34, 0;
    %flag_set/imm 4, 0;
    %store/vec4a v0x557b12ee1390, 4, 0;
    %split/vec4 32;
    %ix/load 4, 33, 0;
    %flag_set/imm 4, 0;
    %store/vec4a v0x557b12ee1390, 4, 0;
    %split/vec4 32;
    %ix/load 4, 32, 0;
    %flag_set/imm 4, 0;
    %store/vec4a v0x557b12ee1390, 4, 0;
    %split/vec4 32;
    %ix/load 4, 31, 0;
    %flag_set/imm 4, 0;
    %store/vec4a v0x557b12ee1390, 4, 0;
    %split/vec4 32;
    %ix/load 4, 30, 0;
    %flag_set/imm 4, 0;
    %store/vec4a v0x557b12ee1390, 4, 0;
    %split/vec4 32;
    %ix/load 4, 29, 0;
    %flag_set/imm 4, 0;
    %store/vec4a v0x557b12ee1390, 4, 0;
    %split/vec4 32;
    %ix/load 4, 28, 0;
    %flag_set/imm 4, 0;
    %store/vec4a v0x557b12ee1390, 4, 0;
    %split/vec4 32;
    %ix/load 4, 27, 0;
    %flag_set/imm 4, 0;
    %store/vec4a v0x557b12ee1390, 4, 0;
    %split/vec4 32;
    %ix/load 4, 26, 0;
    %flag_set/imm 4, 0;
    %store/vec4a v0x557b12ee1390, 4, 0;
    %split/vec4 32;
    %ix/load 4, 25, 0;
    %flag_set/imm 4, 0;
    %store/vec4a v0x557b12ee1390, 4, 0;
    %split/vec4 32;
    %ix/load 4, 24, 0;
    %flag_set/imm 4, 0;
    %store/vec4a v0x557b12ee1390, 4, 0;
    %split/vec4 32;
    %ix/load 4, 23, 0;
    %flag_set/imm 4, 0;
    %store/vec4a v0x557b12ee1390, 4, 0;
    %split/vec4 32;
    %ix/load 4, 22, 0;
    %flag_set/imm 4, 0;
    %store/vec4a v0x557b12ee1390, 4, 0;
    %split/vec4 32;
    %ix/load 4, 21, 0;
    %flag_set/imm 4, 0;
    %store/vec4a v0x557b12ee1390, 4, 0;
    %split/vec4 32;
    %ix/load 4, 20, 0;
    %flag_set/imm 4, 0;
    %store/vec4a v0x557b12ee1390, 4, 0;
    %split/vec4 32;
    %ix/load 4, 19, 0;
    %flag_set/imm 4, 0;
    %store/vec4a v0x557b12ee1390, 4, 0;
    %split/vec4 32;
    %ix/load 4, 18, 0;
    %flag_set/imm 4, 0;
    %store/vec4a v0x557b12ee1390, 4, 0;
    %split/vec4 32;
    %ix/load 4, 17, 0;
    %flag_set/imm 4, 0;
    %store/vec4a v0x557b12ee1390, 4, 0;
    %split/vec4 32;
    %ix/load 4, 16, 0;
    %flag_set/imm 4, 0;
    %store/vec4a v0x557b12ee1390, 4, 0;
    %split/vec4 32;
    %ix/load 4, 15, 0;
    %flag_set/imm 4, 0;
    %store/vec4a v0x557b12ee1390, 4, 0;
    %split/vec4 32;
    %ix/load 4, 14, 0;
    %flag_set/imm 4, 0;
    %store/vec4a v0x557b12ee1390, 4, 0;
    %split/vec4 32;
    %ix/load 4, 13, 0;
    %flag_set/imm 4, 0;
    %store/vec4a v0x557b12ee1390, 4, 0;
    %split/vec4 32;
    %ix/load 4, 12, 0;
    %flag_set/imm 4, 0;
    %store/vec4a v0x557b12ee1390, 4, 0;
    %split/vec4 32;
    %ix/load 4, 11, 0;
    %flag_set/imm 4, 0;
    %store/vec4a v0x557b12ee1390, 4, 0;
    %split/vec4 32;
    %ix/load 4, 10, 0;
    %flag_set/imm 4, 0;
    %store/vec4a v0x557b12ee1390, 4, 0;
    %split/vec4 32;
    %ix/load 4, 9, 0;
    %flag_set/imm 4, 0;
    %store/vec4a v0x557b12ee1390, 4, 0;
    %split/vec4 32;
    %ix/load 4, 8, 0;
    %flag_set/imm 4, 0;
    %store/vec4a v0x557b12ee1390, 4, 0;
    %split/vec4 32;
    %ix/load 4, 7, 0;
    %flag_set/imm 4, 0;
    %store/vec4a v0x557b12ee1390, 4, 0;
    %split/vec4 32;
    %ix/load 4, 6, 0;
    %flag_set/imm 4, 0;
    %store/vec4a v0x557b12ee1390, 4, 0;
    %split/vec4 32;
    %ix/load 4, 5, 0;
    %flag_set/imm 4, 0;
    %store/vec4a v0x557b12ee1390, 4, 0;
    %split/vec4 32;
    %ix/load 4, 4, 0;
    %flag_set/imm 4, 0;
    %store/vec4a v0x557b12ee1390, 4, 0;
    %split/vec4 32;
    %ix/load 4, 3, 0;
    %flag_set/imm 4, 0;
    %store/vec4a v0x557b12ee1390, 4, 0;
    %split/vec4 32;
    %ix/load 4, 2, 0;
    %flag_set/imm 4, 0;
    %store/vec4a v0x557b12ee1390, 4, 0;
    %split/vec4 32;
    %ix/load 4, 1, 0;
    %flag_set/imm 4, 0;
    %store/vec4a v0x557b12ee1390, 4, 0;
    %ix/load 4, 0, 0;
    %flag_set/imm 4, 0;
    %store/vec4a v0x557b12ee1390, 4, 0;
    %load/vec4 v0x557b12f07070_0;
    %split/vec4 8;
    %ix/load 4, 48, 0;
    %flag_set/imm 4, 0;
    %store/vec4a v0x557b12ee5310, 4, 0;
    %split/vec4 8;
    %ix/load 4, 47, 0;
    %flag_set/imm 4, 0;
    %store/vec4a v0x557b12ee5310, 4, 0;
    %split/vec4 8;
    %ix/load 4, 46, 0;
    %flag_set/imm 4, 0;
    %store/vec4a v0x557b12ee5310, 4, 0;
    %split/vec4 8;
    %ix/load 4, 45, 0;
    %flag_set/imm 4, 0;
    %store/vec4a v0x557b12ee5310, 4, 0;
    %split/vec4 8;
    %ix/load 4, 44, 0;
    %flag_set/imm 4, 0;
    %store/vec4a v0x557b12ee5310, 4, 0;
    %split/vec4 8;
    %ix/load 4, 43, 0;
    %flag_set/imm 4, 0;
    %store/vec4a v0x557b12ee5310, 4, 0;
    %split/vec4 8;
    %ix/load 4, 42, 0;
    %flag_set/imm 4, 0;
    %store/vec4a v0x557b12ee5310, 4, 0;
    %split/vec4 8;
    %ix/load 4, 41, 0;
    %flag_set/imm 4, 0;
    %store/vec4a v0x557b12ee5310, 4, 0;
    %split/vec4 8;
    %ix/load 4, 40, 0;
    %flag_set/imm 4, 0;
    %store/vec4a v0x557b12ee5310, 4, 0;
    %split/vec4 8;
    %ix/load 4, 39, 0;
    %flag_set/imm 4, 0;
    %store/vec4a v0x557b12ee5310, 4, 0;
    %split/vec4 8;
    %ix/load 4, 38, 0;
    %flag_set/imm 4, 0;
    %store/vec4a v0x557b12ee5310, 4, 0;
    %split/vec4 8;
    %ix/load 4, 37, 0;
    %flag_set/imm 4, 0;
    %store/vec4a v0x557b12ee5310, 4, 0;
    %split/vec4 8;
    %ix/load 4, 36, 0;
    %flag_set/imm 4, 0;
    %store/vec4a v0x557b12ee5310, 4, 0;
    %split/vec4 8;
    %ix/load 4, 35, 0;
    %flag_set/imm 4, 0;
    %store/vec4a v0x557b12ee5310, 4, 0;
    %split/vec4 8;
    %ix/load 4, 34, 0;
    %flag_set/imm 4, 0;
    %store/vec4a v0x557b12ee5310, 4, 0;
    %split/vec4 8;
    %ix/load 4, 33, 0;
    %flag_set/imm 4, 0;
    %store/vec4a v0x557b12ee5310, 4, 0;
    %split/vec4 8;
    %ix/load 4, 32, 0;
    %flag_set/imm 4, 0;
    %store/vec4a v0x557b12ee5310, 4, 0;
    %split/vec4 8;
    %ix/load 4, 31, 0;
    %flag_set/imm 4, 0;
    %store/vec4a v0x557b12ee5310, 4, 0;
    %split/vec4 8;
    %ix/load 4, 30, 0;
    %flag_set/imm 4, 0;
    %store/vec4a v0x557b12ee5310, 4, 0;
    %split/vec4 8;
    %ix/load 4, 29, 0;
    %flag_set/imm 4, 0;
    %store/vec4a v0x557b12ee5310, 4, 0;
    %split/vec4 8;
    %ix/load 4, 28, 0;
    %flag_set/imm 4, 0;
    %store/vec4a v0x557b12ee5310, 4, 0;
    %split/vec4 8;
    %ix/load 4, 27, 0;
    %flag_set/imm 4, 0;
    %store/vec4a v0x557b12ee5310, 4, 0;
    %split/vec4 8;
    %ix/load 4, 26, 0;
    %flag_set/imm 4, 0;
    %store/vec4a v0x557b12ee5310, 4, 0;
    %split/vec4 8;
    %ix/load 4, 25, 0;
    %flag_set/imm 4, 0;
    %store/vec4a v0x557b12ee5310, 4, 0;
    %split/vec4 8;
    %ix/load 4, 24, 0;
    %flag_set/imm 4, 0;
    %store/vec4a v0x557b12ee5310, 4, 0;
    %split/vec4 8;
    %ix/load 4, 23, 0;
    %flag_set/imm 4, 0;
    %store/vec4a v0x557b12ee5310, 4, 0;
    %split/vec4 8;
    %ix/load 4, 22, 0;
    %flag_set/imm 4, 0;
    %store/vec4a v0x557b12ee5310, 4, 0;
    %split/vec4 8;
    %ix/load 4, 21, 0;
    %flag_set/imm 4, 0;
    %store/vec4a v0x557b12ee5310, 4, 0;
    %split/vec4 8;
    %ix/load 4, 20, 0;
    %flag_set/imm 4, 0;
    %store/vec4a v0x557b12ee5310, 4, 0;
    %split/vec4 8;
    %ix/load 4, 19, 0;
    %flag_set/imm 4, 0;
    %store/vec4a v0x557b12ee5310, 4, 0;
    %split/vec4 8;
    %ix/load 4, 18, 0;
    %flag_set/imm 4, 0;
    %store/vec4a v0x557b12ee5310, 4, 0;
    %split/vec4 8;
    %ix/load 4, 17, 0;
    %flag_set/imm 4, 0;
    %store/vec4a v0x557b12ee5310, 4, 0;
    %split/vec4 8;
    %ix/load 4, 16, 0;
    %flag_set/imm 4, 0;
    %store/vec4a v0x557b12ee5310, 4, 0;
    %split/vec4 8;
    %ix/load 4, 15, 0;
    %flag_set/imm 4, 0;
    %store/vec4a v0x557b12ee5310, 4, 0;
    %split/vec4 8;
    %ix/load 4, 14, 0;
    %flag_set/imm 4, 0;
    %store/vec4a v0x557b12ee5310, 4, 0;
    %split/vec4 8;
    %ix/load 4, 13, 0;
    %flag_set/imm 4, 0;
    %store/vec4a v0x557b12ee5310, 4, 0;
    %split/vec4 8;
    %ix/load 4, 12, 0;
    %flag_set/imm 4, 0;
    %store/vec4a v0x557b12ee5310, 4, 0;
    %split/vec4 8;
    %ix/load 4, 11, 0;
    %flag_set/imm 4, 0;
    %store/vec4a v0x557b12ee5310, 4, 0;
    %split/vec4 8;
    %ix/load 4, 10, 0;
    %flag_set/imm 4, 0;
    %store/vec4a v0x557b12ee5310, 4, 0;
    %split/vec4 8;
    %ix/load 4, 9, 0;
    %flag_set/imm 4, 0;
    %store/vec4a v0x557b12ee5310, 4, 0;
    %split/vec4 8;
    %ix/load 4, 8, 0;
    %flag_set/imm 4, 0;
    %store/vec4a v0x557b12ee5310, 4, 0;
    %split/vec4 8;
    %ix/load 4, 7, 0;
    %flag_set/imm 4, 0;
    %store/vec4a v0x557b12ee5310, 4, 0;
    %split/vec4 8;
    %ix/load 4, 6, 0;
    %flag_set/imm 4, 0;
    %store/vec4a v0x557b12ee5310, 4, 0;
    %split/vec4 8;
    %ix/load 4, 5, 0;
    %flag_set/imm 4, 0;
    %store/vec4a v0x557b12ee5310, 4, 0;
    %split/vec4 8;
    %ix/load 4, 4, 0;
    %flag_set/imm 4, 0;
    %store/vec4a v0x557b12ee5310, 4, 0;
    %split/vec4 8;
    %ix/load 4, 3, 0;
    %flag_set/imm 4, 0;
    %store/vec4a v0x557b12ee5310, 4, 0;
    %split/vec4 8;
    %ix/load 4, 2, 0;
    %flag_set/imm 4, 0;
    %store/vec4a v0x557b12ee5310, 4, 0;
    %split/vec4 8;
    %ix/load 4, 1, 0;
    %flag_set/imm 4, 0;
    %store/vec4a v0x557b12ee5310, 4, 0;
    %ix/load 4, 0, 0;
    %flag_set/imm 4, 0;
    %store/vec4a v0x557b12ee5310, 4, 0;
    %pushi/vec4 0, 0, 32;
    %store/vec4 v0x557b12f07360_0, 0, 32;
    %pushi/vec4 0, 0, 32;
    %store/vec4 v0x557b12ee1430_0, 0, 32;
T_0.0 ;
    %load/vec4 v0x557b12ee1430_0;
    %cmpi/s 7, 0, 32;
    %jmp/0xz T_0.1, 5;
    %pushi/vec4 0, 0, 32;
    %store/vec4 v0x557b12f07150_0, 0, 32;
T_0.2 ;
    %load/vec4 v0x557b12f07150_0;
    %cmpi/s 7, 0, 32;
    %jmp/0xz T_0.3, 5;
    %load/vec4 v0x557b12f07360_0;
    %load/vec4 v0x557b12ee1430_0;
    %pad/s 35;
    %pad/s 38;
    %muli 7, 0, 38;
    %pad/s 39;
    %load/vec4 v0x557b12f07150_0;
    %pad/s 39;
    %add;
    %ix/vec4/s 4;
    %load/vec4a v0x557b12ee5310, 4;
    %pad/u 32;
    %load/vec4 v0x557b12ee1430_0;
    %pad/s 35;
    %pad/s 38;
    %muli 7, 0, 38;
    %pad/s 39;
    %load/vec4 v0x557b12f07150_0;
    %pad/s 39;
    %add;
    %ix/vec4/s 4;
    %load/vec4a v0x557b12ee1390, 4;
    %mul;
    %add;
    %store/vec4 v0x557b12f07360_0, 0, 32;
    %vpi_call 3 51 "$display", v0x557b12f07360_0 {0 0 0};
    %load/vec4 v0x557b12f07150_0;
    %pushi/vec4 1, 0, 32;
    %add;
    %store/vec4 v0x557b12f07150_0, 0, 32;
    %jmp T_0.2;
T_0.3 ;
    %load/vec4 v0x557b12ee1430_0;
    %pushi/vec4 1, 0, 32;
    %add;
    %store/vec4 v0x557b12ee1430_0, 0, 32;
    %jmp T_0.0;
T_0.1 ;
    %load/vec4 v0x557b12f07360_0;
    %ix/load 4, 10, 0;
    %flag_set/imm 4, 0;
    %shiftr 4;
    %pad/s 8;
    %store/vec4 v0x557b12f07280_0, 0, 8;
    %jmp T_0;
    .thread T_0, $push;
    .scope S_0x557b12ee6940;
T_1 ;
    %pushi/vec4 0, 0, 1;
    %store/vec4 v0x557b12f07580_0, 0, 1;
    %pushi/vec4 1000, 0, 32;
T_1.0 %dup/vec4;
    %pushi/vec4 0, 0, 32;
    %cmp/s;
    %jmp/1xz T_1.1, 5;
    %jmp/1 T_1.1, 4;
    %pushi/vec4 1, 0, 32;
    %sub;
    %load/vec4 v0x557b12f07580_0;
    %inv;
    %store/vec4 v0x557b12f074a0_0, 0, 1;
    %pushi/vec4 5000, 0, 64;
    %ix/vec4 4;
    %delayx 4;
    %load/vec4 v0x557b12f074a0_0;
    %store/vec4 v0x557b12f07580_0, 0, 1;
    %jmp T_1.0;
T_1.1 ;
    %pop/vec4 1;
    %end;
    .thread T_1;
    .scope S_0x557b12ee6940;
T_2 ;
    %vpi_call 2 16 "$dumpfile", "gaussian_core_tb.vcd" {0 0 0};
    %vpi_call 2 17 "$dumpvars", 32'sb00000000000000000000000000000000, S_0x557b12ee6940 {0 0 0};
    %pushi/vec4 4294967295, 0, 32;
    %concati/vec4 4294967295, 0, 32;
    %concati/vec4 4294967295, 0, 32;
    %concati/vec4 4291809231, 0, 32;
    %concati/vec4 3486502863, 0, 32;
    %concati/vec4 3486502863, 0, 32;
    %concati/vec4 3486514685, 0, 32;
    %concati/vec4 4261281277, 0, 32;
    %concati/vec4 4261281277, 0, 32;
    %concati/vec4 4261281277, 0, 32;
    %concati/vec4 4261281277, 0, 32;
    %concati/vec4 4261281277, 0, 32;
    %concati/vec4 253, 0, 8;
    %store/vec4 v0x557b12f07640_0, 0, 392;
    %delay 10000, 0;
    %pushi/vec4 2155905152, 0, 39;
    %concati/vec4 2155905152, 0, 32;
    %concati/vec4 2155905152, 0, 32;
    %concati/vec4 2155905152, 0, 32;
    %concati/vec4 2155905152, 0, 32;
    %concati/vec4 2155905152, 0, 32;
    %concati/vec4 2155905152, 0, 32;
    %concati/vec4 2155905152, 0, 32;
    %concati/vec4 2155905152, 0, 32;
    %concati/vec4 2155905152, 0, 32;
    %concati/vec4 2155905152, 0, 32;
    %concati/vec4 2155905152, 0, 32;
    %concati/vec4 1, 0, 1;
    %store/vec4 v0x557b12f07640_0, 0, 392;
    %pushi/vec4 3823363043, 0, 32;
    %concati/vec4 3823363043, 0, 32;
    %concati/vec4 3823363043, 0, 32;
    %concati/vec4 3817836431, 0, 32;
    %concati/vec4 2408550287, 0, 32;
    %concati/vec4 2408550287, 0, 32;
    %concati/vec4 2408520989, 0, 32;
    %concati/vec4 3907578088, 0, 35;
    %concati/vec4 3907578088, 0, 32;
    %concati/vec4 3907578088, 0, 32;
    %concati/vec4 3907578088, 0, 32;
    %concati/vec4 3907578088, 0, 32;
    %concati/vec4 29, 0, 5;
    %store/vec4 v0x557b12f07640_0, 0, 392;
    %delay 10000, 0;
    %delay 20000, 0;
    %vpi_call 2 27 "$finish" {0 0 0};
    %end;
    .thread T_2;
# The file index is used to find the file name in the following table.
:file_names 4;
    "N/A";
    "<interactive>";
    "../gaussian_tb.v";
    "../../src/gaussian_core.v";
